// Jest Snapshot v1, https://goo.gl/fbAQLP

exports[`Container matches snapshot 1`] = `
.c0 {
  max-width: 900px;
  margin: 0 auto;
  padding: 0 12px;
}

<div>
  <div
    class="c0"
  />
</div>
`;
