// Jest Snapshot v1, https://goo.gl/fbAQLP

exports[`Menu matches snapshot 1`] = `
.c0 {
  max-width: 900px;
  margin: 0 auto;
  padding: 0 12px;
  padding-top: 20px;
  margin-bottom: 12px;
  display: -webkit-box;
  display: -webkit-flex;
  display: -ms-flexbox;
  display: flex;
  -webkit-align-items: center;
  -webkit-box-align: center;
  -ms-flex-align: center;
  align-items: center;
  -webkit-box-pack: justify;
  -webkit-justify-content: space-between;
  -ms-flex-pack: justify;
  justify-content: space-between;
}

.c1 {
  display: -webkit-box;
  display: -webkit-flex;
  display: -ms-flexbox;
  display: flex;
  -webkit-align-items: center;
  -webkit-box-align: center;
  -ms-flex-align: center;
  align-items: center;
  cursor: pointer;
}

.c3 {
  margin-left: 8px;
  font-weight: 400;
  margin-right: 20px;
  color: #75489B;
  font-size: 20px;
}

.c2 {
  width: 40px;
}

.c4 {
  color: #aaa;
  font-size: 14px;
  -webkit-text-decoration: none;
  text-decoration: none;
  margin-left: 12px;
  -webkit-transition: all 0.2s;
  transition: all 0.2s;
}

.c4:hover {
  color: #484848;
}

<div>
  <div
    class="c0"
  >
    <div
      class="c1"
    >
      <svg
        alt="gem logo"
        class="c2"
        viewBox="0 0 512 512"
      >
        <path
          d="M360.129 172.138L256 472.276l256-300.138z"
          fill="#ffe182"
          stroke="#ffe182"
          stroke-width="1"
        />
        <g
          fill="#ffcd73"
          stroke="#ffe182"
          stroke-width="1"
        >
          <path
            d="M105.931 39.724L0 172.138h151.871zM360.129 172.138H512L406.069 39.724zM360.129 172.138L256 39.724 151.871 172.138z"
          />
        </g>
        <path
          d="M256 39.724H105.931l45.94 132.414z"
          fill="#ffaa64"
          stroke="#ffaa64"
          stroke-width="1"
        />
        <path
          d="M406.069 39.724H256l104.129 132.414z"
          fill="#ffe182"
          stroke="#ffe182"
          stroke-width="1"
        />
        <path
          d="M151.871 172.138L256 472.276l104.129-300.138z"
          fill="#ffaa64"
          stroke="#ffaa64"
          stroke-width="1"
        />
        <path
          d="M0 172.138l256 300.138-104.129-300.138z"
          fill="#ff8c5a"
          stroke="#ff8c5a"
          stroke-width="1"
        />
      </svg>
      <span
        class="c3"
      >
        Gem
      </span>
    </div>
    <div>
      <a
        class="c4"
        href="/portal"
      >
        Portal
      </a>
      <a
        class="c4"
        href=""
      >
        Logout
      </a>
      <a
        class="c4"
        href="https://github.com/c0z0/gem-app"
      >
        [src]
      </a>
    </div>
  </div>
</div>
`;
